0 0.4444444444444436 -99.0 -99.0 
1 0.4444444444444432 -99.0 -99.0 
2 0.4444444444444432 -99.0 -99.0 
3 -0.22222222222222288 -99.0 -99.0 
4 1.7777777777777772 -99.0 -99.0 
